---
source: tests/polarity_snapshots.rs
expression: "format!(\"{:-<65} {:#?}\", sentence, scores)"
---
Today SUX!------------------------------------------------------- SentimentIntensity {
    neg: 0.7790055248618784,
    neu: 0.22099447513812154,
    pos: 0.0,
    compound: -0.5461374667327111,
}
