---
source: tests/polarity_snapshots.rs
expression: "format!(\"{:-<65} {:#?}\", sentence, scores)"
---
Today only kinda sux! But I'll get by, lol----------------------- SentimentIntensity {
    neg: 0.13734107675404175,
    neu: 0.549364307016167,
    pos: 0.3132946162297912,
    compound: 0.500993840948731,
}
