---
source: tests/polarity_snapshots.rs
expression: "format!(\"{:-<65} {:#?}\", sentence, scores)"
---
Roger Dodger is at least compelling as a variation on the theme.- SentimentIntensity {
    neg: 0.14280816046631234,
    neu: 0.8571918395336876,
    pos: 0.0,
    compound: -0.16947302270321746,
}
