---
source: tests/polarity_snapshots.rs
expression: "format!(\"{:-<65} {:#?}\", sentence, scores)"
---
The plot was good, but the characters are uncompelling and the dialog is not great. SentimentIntensity {
    neg: 0.327419121546695,
    neu: 0.5785641965189721,
    pos: 0.09401668193433296,
    compound: -0.7041689565994302,
}
